2026-09-17T08:00:00+00:00 INFO service=checkout trace_id=668b28da8222cd7f message="cache refreshed"
2026-09-17T08:00:19+00:00 INFO service=gateway trace_id=639c4c6c2926205d message="request completed"
2026-09-17T08:00:38+00:00 INFO service=checkout trace_id=ed05473278bf46fa message="cache refreshed"
2026-09-17T08:00:57+00:00 WARN service=checkout trace_id=38c5ef5e4359ff43 message="slow downstream response"
2026-09-17T08:01:16+00:00 INFO service=checkout trace_id=6263307cb9787c4b message="request completed"
2026-09-17T08:01:35+00:00 WARN service=gateway trace_id=49560c3685609e8a message="rate limit approaching"
2026-09-17T08:01:54+00:00 INFO service=catalog trace_id=02bdeabe706078eb message="user authenticated"
2026-09-17T08:02:13+00:00 INFO service=gateway trace_id=089a9f4f31dae817 message="order accepted"
2026-09-17T08:02:32+00:00 ERROR service=gateway trace_id=9d7d17563b4ec9f5 message="unexpected application exception"
2026-09-17T08:02:51+00:00 INFO service=checkout trace_id=a7af55453d3fec1b message="order accepted"
2026-09-17T08:03:10+00:00 INFO service=catalog trace_id=46a3cc71ff2f6883 message="request completed"
2026-09-17T08:03:29+00:00 WARN service=auth trace_id=67cba27a65281970 message="rate limit approaching"
2026-09-17T08:03:48+00:00 INFO service=gateway trace_id=b4209103bca726eb message="request completed"
2026-09-17T08:04:07+00:00 INFO service=checkout trace_id=d46b7756b9e439ef message="order accepted"
2026-09-17T08:04:26+00:00 INFO service=auth trace_id=9b3aa1d139ee80ab message="order accepted"
2026-09-17T08:04:45+00:00 INFO service=orders trace_id=0130d66b932d1648 message="user authenticated"
2026-09-17T08:05:04+00:00 INFO service=catalog trace_id=1b4149998198d1f5 message="user authenticated"
2026-09-17T08:05:23+00:00 INFO service=gateway trace_id=f26f9b195708013e message="order accepted"
2026-09-17T08:05:42+00:00 INFO service=gateway trace_id=89b4094ae048f1de message="order accepted"
2026-09-17T08:06:01+00:00 INFO service=orders trace_id=7bcf2b31902bd154 message="user authenticated"
2026-09-17T08:06:20+00:00 INFO service=auth trace_id=75f1c654ae7cfd14 message="user authenticated"
2026-09-17T08:06:39+00:00 INFO service=orders trace_id=114b3c79420079f5 message="request completed"
2026-09-17T08:06:58+00:00 WARN service=catalog trace_id=3adcb38cb38046ef message="rate limit approaching"
2026-09-17T08:07:17+00:00 INFO service=orders trace_id=89207bc484399ed9 message="order accepted"
2026-09-17T08:07:36+00:00 INFO service=auth trace_id=17cf775f498bcf67 message="cache refreshed"
2026-09-17T08:07:55+00:00 WARN service=auth trace_id=ee6ffbea8df71647 message="slow downstream response"
2026-09-17T08:08:14+00:00 INFO service=orders trace_id=37f3f32b5a81762a message="order accepted"
2026-09-17T08:08:33+00:00 INFO service=catalog trace_id=bcb3636d7fbe6bb3 message="cache refreshed"
2026-09-17T08:08:52+00:00 INFO service=catalog trace_id=43f19b58df6c0d60 message="cache refreshed"
2026-09-17T08:09:11+00:00 INFO service=catalog trace_id=3fec0a37d5bea8dc message="cache refreshed"
2026-09-17T08:09:30+00:00 INFO service=catalog trace_id=eb91731a1eb05b4a message="request completed"
2026-09-17T08:09:49+00:00 INFO service=orders trace_id=db6a34eac3a58237 message="request completed"
2026-09-17T08:10:08+00:00 INFO service=orders trace_id=50bf29959ee4105d message="order accepted"
2026-09-17T08:10:27+00:00 ERROR service=gateway trace_id=2ed0b0b27da56b6e message="payment provider unavailable"
2026-09-17T08:10:46+00:00 ERROR service=auth trace_id=c00b19de38db128d message="payment provider unavailable"
2026-09-17T08:11:05+00:00 INFO service=checkout trace_id=f08d312e7a732f35 message="user authenticated"
2026-09-17T08:11:24+00:00 INFO service=gateway trace_id=dc432ed564caa1c7 message="order accepted"
2026-09-17T08:11:43+00:00 INFO service=orders trace_id=84a91789b2c027e8 message="request completed"
2026-09-17T08:12:02+00:00 WARN service=auth trace_id=0306a2580227b8d5 message="rate limit approaching"
2026-09-17T08:12:21+00:00 INFO service=orders trace_id=5c91f845534fc96d message="request completed"
2026-09-17T08:12:40+00:00 INFO service=catalog trace_id=44f7f01a3cb526d7 message="order accepted"
2026-09-17T08:12:59+00:00 ERROR service=gateway trace_id=2f14f7775dad348e message="payment provider unavailable"
2026-09-17T08:13:18+00:00 ERROR service=orders trace_id=b361e70a6b49acc6 message="database timeout"
2026-09-17T08:13:37+00:00 INFO service=auth trace_id=7362f9b74795cd1d message="user authenticated"
2026-09-17T08:13:56+00:00 INFO service=gateway trace_id=936db4a7fab1996a message="cache refreshed"
2026-09-17T08:14:15+00:00 INFO service=checkout trace_id=3c5dba42cdd8af09 message="order accepted"
2026-09-17T08:14:34+00:00 WARN service=orders trace_id=cccf4130255603d4 message="slow downstream response"
2026-09-17T08:14:53+00:00 INFO service=orders trace_id=6be8c7562d36226c message="request completed"
2026-09-17T08:15:12+00:00 ERROR service=catalog trace_id=88b3152d845a91b8 message="unexpected application exception"
2026-09-17T08:15:31+00:00 INFO service=orders trace_id=8fe84e20403fd582 message="order accepted"
2026-09-17T08:15:50+00:00 INFO service=orders trace_id=29d0c613b0c77002 message="request completed"
2026-09-17T08:16:09+00:00 INFO service=catalog trace_id=d6c6d99779fe7ccc message="order accepted"
2026-09-17T08:16:28+00:00 INFO service=orders trace_id=5c6801d642803aa0 message="order accepted"
2026-09-17T08:16:47+00:00 INFO service=gateway trace_id=0513eda8581993cc message="order accepted"
2026-09-17T08:17:06+00:00 WARN service=checkout trace_id=adf9568bde0bde18 message="retry scheduled"
2026-09-17T08:17:25+00:00 INFO service=gateway trace_id=c7c2564afab8328f message="cache refreshed"
2026-09-17T08:17:44+00:00 INFO service=auth trace_id=82ac7e1dac565da6 message="order accepted"
2026-09-17T08:18:03+00:00 ERROR service=orders trace_id=9d1911a5618dde71 message="database timeout"
2026-09-17T08:18:22+00:00 INFO service=orders trace_id=2ae63af6de46222e message="cache refreshed"
2026-09-17T08:18:41+00:00 INFO service=orders trace_id=e835f080d9518f98 message="user authenticated"
2026-09-17T08:19:00+00:00 INFO service=checkout trace_id=3a6c7da657f7d71f message="cache refreshed"
2026-09-17T08:19:19+00:00 INFO service=auth trace_id=44791214b5def807 message="order accepted"
2026-09-17T08:19:38+00:00 WARN service=auth trace_id=dce0e2bbc7edea02 message="retry scheduled"
2026-09-17T08:19:57+00:00 INFO service=gateway trace_id=2ad55c0b69fb2fe6 message="user authenticated"
2026-09-17T08:20:16+00:00 INFO service=checkout trace_id=3c10871bba4f4b03 message="cache refreshed"
2026-09-17T08:20:35+00:00 INFO service=checkout trace_id=65a4c79b2abaa4f9 message="cache refreshed"
2026-09-17T08:20:54+00:00 INFO service=checkout trace_id=e0f1e44cefd1b588 message="request completed"
2026-09-17T08:21:13+00:00 ERROR service=gateway trace_id=c55be95d06bfd9c4 message="database timeout"
2026-09-17T08:21:32+00:00 WARN service=gateway trace_id=4330125c1a9b0d42 message="slow downstream response"
2026-09-17T08:21:51+00:00 INFO service=checkout trace_id=3ab7127e4f32ea54 message="user authenticated"
2026-09-17T08:22:10+00:00 INFO service=auth trace_id=205c8491a06109db message="user authenticated"
2026-09-17T08:22:29+00:00 INFO service=gateway trace_id=08ffeab0075072d6 message="cache refreshed"
2026-09-17T08:22:48+00:00 INFO service=auth trace_id=f99863f27799fddb message="user authenticated"
2026-09-17T08:23:07+00:00 INFO service=gateway trace_id=f833ebfb2296e3f1 message="user authenticated"
2026-09-17T08:23:26+00:00 INFO service=gateway trace_id=bfb8abb9a18c5492 message="user authenticated"
2026-09-17T08:23:45+00:00 WARN service=gateway trace_id=88a613b4a3b81f92 message="rate limit approaching"
2026-09-17T08:24:04+00:00 INFO service=auth trace_id=3a2516fe8a27b0b0 message="user authenticated"
2026-09-17T08:24:23+00:00 INFO service=orders trace_id=6986305a5da3f9cf message="order accepted"
2026-09-17T08:24:42+00:00 INFO service=catalog trace_id=00060d5a02b3c948 message="order accepted"
2026-09-17T08:25:01+00:00 ERROR service=catalog trace_id=781d5b6c49694032 message="payment provider unavailable"
2026-09-17T08:25:20+00:00 INFO service=orders trace_id=025683894cb34663 message="user authenticated"
2026-09-17T08:25:39+00:00 WARN service=auth trace_id=cbf8f29e3b30ee97 message="rate limit approaching"
2026-09-17T08:25:58+00:00 INFO service=gateway trace_id=6967858630463008 message="order accepted"
2026-09-17T08:26:17+00:00 WARN service=orders trace_id=b7062cfa29cc0789 message="slow downstream response"
2026-09-17T08:26:36+00:00 WARN service=orders trace_id=144716cc4352acea message="slow downstream response"
2026-09-17T08:26:55+00:00 WARN service=catalog trace_id=ccca1e14c3b8c80f message="rate limit approaching"
2026-09-17T08:27:14+00:00 INFO service=auth trace_id=3020cf0669b41194 message="order accepted"
2026-09-17T08:27:33+00:00 INFO service=catalog trace_id=1c4050454a22eae9 message="cache refreshed"
2026-09-17T08:27:52+00:00 WARN service=gateway trace_id=b3522c1845aa9503 message="retry scheduled"
2026-09-17T08:28:11+00:00 ERROR service=catalog trace_id=26f341c804f718c8 message="payment provider unavailable"
2026-09-17T08:28:30+00:00 INFO service=gateway trace_id=f8eaca362f999b2a message="request completed"
2026-09-17T08:28:49+00:00 INFO service=auth trace_id=b71714cd200291bb message="order accepted"
2026-09-17T08:29:08+00:00 WARN service=checkout trace_id=269334ef17172654 message="slow downstream response"
2026-09-17T08:29:27+00:00 INFO service=orders trace_id=6b950c1d578799d9 message="cache refreshed"
2026-09-17T08:29:46+00:00 INFO service=orders trace_id=b26a51a576b40672 message="order accepted"
2026-09-17T08:30:05+00:00 INFO service=auth trace_id=c02553ead7f2a678 message="request completed"
2026-09-17T08:30:24+00:00 INFO service=checkout trace_id=6475c0eec6913069 message="order accepted"
2026-09-17T08:30:43+00:00 INFO service=gateway trace_id=3133839e2e7d952b message="user authenticated"
2026-09-17T08:31:02+00:00 INFO service=orders trace_id=f97f49941f38df55 message="request completed"
2026-09-17T08:31:21+00:00 INFO service=orders trace_id=bcd499753f46057b message="user authenticated"
2026-09-17T08:31:40+00:00 INFO service=catalog trace_id=c55ffde8bc3e1d19 message="user authenticated"
2026-09-17T08:31:59+00:00 INFO service=gateway trace_id=639d8fe7790b185c message="cache refreshed"
2026-09-17T08:32:18+00:00 INFO service=auth trace_id=ba6dbed8a110e887 message="cache refreshed"
2026-09-17T08:32:37+00:00 INFO service=gateway trace_id=7b31dcdc40d91a8e message="request completed"
2026-09-17T08:32:56+00:00 INFO service=catalog trace_id=0d559b64e3347bac message="order accepted"
2026-09-17T08:33:15+00:00 INFO service=checkout trace_id=6f2537cea206527c message="cache refreshed"
2026-09-17T08:33:34+00:00 INFO service=checkout trace_id=46ae7e06cb5d2b59 message="cache refreshed"
2026-09-17T08:33:53+00:00 INFO service=orders trace_id=f80590f002493a09 message="cache refreshed"
2026-09-17T08:34:12+00:00 INFO service=gateway trace_id=98a15e4fb03b6934 message="user authenticated"
2026-09-17T08:34:31+00:00 INFO service=auth trace_id=285eed0a3fac4317 message="request completed"
2026-09-17T08:34:50+00:00 ERROR service=checkout trace_id=56a2d49d9e5f8273 message="unexpected application exception"
2026-09-17T08:35:09+00:00 INFO service=checkout trace_id=276732d3a502dc4b message="order accepted"
2026-09-17T08:35:28+00:00 INFO service=catalog trace_id=5115d7ee3b90908e message="user authenticated"
2026-09-17T08:35:47+00:00 INFO service=orders trace_id=b072afc805776108 message="cache refreshed"
2026-09-17T08:36:06+00:00 WARN service=auth trace_id=402da0fa227dcecc message="rate limit approaching"
2026-09-17T08:36:25+00:00 INFO service=orders trace_id=4b726a7c8f1c3fa0 message="user authenticated"
2026-09-17T08:36:44+00:00 ERROR service=catalog trace_id=8b2ab7592fc6c4e6 message="unexpected application exception"
2026-09-17T08:37:03+00:00 INFO service=auth trace_id=de1f1619467ba9e5 message="user authenticated"
2026-09-17T08:37:22+00:00 INFO service=checkout trace_id=4bb13407730ad7de message="cache refreshed"
2026-09-17T08:37:41+00:00 INFO service=gateway trace_id=002f2ca4743e8531 message="order accepted"
2026-09-17T08:38:00+00:00 ERROR service=orders trace_id=e207db202f7f2cd7 message="unexpected application exception"
2026-09-17T08:38:19+00:00 INFO service=gateway trace_id=9ec5405dc6a90598 message="order accepted"
2026-09-17T08:38:38+00:00 INFO service=auth trace_id=f7980131a885a7b4 message="request completed"
2026-09-17T08:38:57+00:00 WARN service=catalog trace_id=7f5f61aaaee7c7a5 message="rate limit approaching"
2026-09-17T08:39:16+00:00 INFO service=gateway trace_id=68e8f3115295ea96 message="order accepted"
2026-09-17T08:39:35+00:00 INFO service=checkout trace_id=a8ad153985f0786a message="request completed"
2026-09-17T08:39:54+00:00 INFO service=checkout trace_id=df9d39102dbb45bd message="cache refreshed"
2026-09-17T08:40:13+00:00 INFO service=catalog trace_id=310dc9d17c413a2a message="request completed"
2026-09-17T08:40:32+00:00 INFO service=checkout trace_id=7d6ab7c2a86d8706 message="user authenticated"
2026-09-17T08:40:51+00:00 ERROR service=gateway trace_id=4185300d971df5fd message="unexpected application exception"
2026-09-17T08:41:10+00:00 INFO service=auth trace_id=b7c4b3ee9b1fc6d1 message="cache refreshed"
2026-09-17T08:41:29+00:00 INFO service=checkout trace_id=7dccc026a7df30b2 message="cache refreshed"
2026-09-17T08:41:48+00:00 INFO service=orders trace_id=8eda64335c65a65c message="request completed"
2026-09-17T08:42:07+00:00 WARN service=auth trace_id=d2da43ec0eecc013 message="rate limit approaching"
2026-09-17T08:42:26+00:00 INFO service=gateway trace_id=1204f4d6bbfb1b71 message="request completed"
2026-09-17T08:42:45+00:00 INFO service=checkout trace_id=84fcfcb0f5e90352 message="cache refreshed"
2026-09-17T08:43:04+00:00 INFO service=checkout trace_id=62a50eec881af04f message="cache refreshed"
2026-09-17T08:43:23+00:00 INFO service=catalog trace_id=a0154d6591ed554a message="cache refreshed"
2026-09-17T08:43:42+00:00 INFO service=gateway trace_id=1b02fa24bf00f56c message="user authenticated"
2026-09-17T08:44:01+00:00 INFO service=orders trace_id=1aa67474e200c157 message="user authenticated"
2026-09-17T08:44:20+00:00 INFO service=catalog trace_id=56673e4981338bdc message="user authenticated"
2026-09-17T08:44:39+00:00 INFO service=gateway trace_id=5a31e916eefb2a24 message="user authenticated"
2026-09-17T08:44:58+00:00 INFO service=gateway trace_id=5f290290d8485a54 message="order accepted"
2026-09-17T08:45:17+00:00 WARN service=orders trace_id=9bc0fa9352cdadef message="rate limit approaching"
2026-09-17T08:45:36+00:00 INFO service=gateway trace_id=c405742060042231 message="cache refreshed"
2026-09-17T08:45:55+00:00 INFO service=auth trace_id=f5b70dd9728f5897 message="user authenticated"
2026-09-17T08:46:14+00:00 WARN service=checkout trace_id=fba3091f08dfaaf8 message="rate limit approaching"
2026-09-17T08:46:33+00:00 INFO service=gateway trace_id=2294fa0a84820c08 message="request completed"
2026-09-17T08:46:52+00:00 INFO service=checkout trace_id=38cd9122fc0145e1 message="order accepted"
2026-09-17T08:47:11+00:00 INFO service=auth trace_id=d26aa790c5828939 message="request completed"
2026-09-17T08:47:30+00:00 INFO service=gateway trace_id=09a9161a18233383 message="cache refreshed"
2026-09-17T08:47:49+00:00 WARN service=auth trace_id=43d643ed236eb832 message="slow downstream response"
2026-09-17T08:48:08+00:00 INFO service=gateway trace_id=4199322e3ba58126 message="cache refreshed"
2026-09-17T08:48:27+00:00 INFO service=checkout trace_id=eafa4d5b91ae3d4c message="user authenticated"
2026-09-17T08:48:46+00:00 INFO service=checkout trace_id=7b874b4acafbc4fe message="order accepted"
2026-09-17T08:49:05+00:00 INFO service=orders trace_id=a46acc9a98611260 message="request completed"
2026-09-17T08:49:24+00:00 INFO service=checkout trace_id=c7b611cd1417182a message="user authenticated"
2026-09-17T08:49:43+00:00 INFO service=auth trace_id=d13032dbe13a14ca message="order accepted"
2026-09-17T08:50:02+00:00 WARN service=orders trace_id=c5384872deaa543e message="slow downstream response"
2026-09-17T08:50:21+00:00 INFO service=gateway trace_id=c704e80ea2466cd7 message="request completed"
2026-09-17T08:50:40+00:00 WARN service=checkout trace_id=0a8aeb94863dfcd6 message="retry scheduled"
2026-09-17T08:50:59+00:00 INFO service=gateway trace_id=809d644453ab3cce message="cache refreshed"
2026-09-17T08:51:18+00:00 INFO service=catalog trace_id=bb48bbbaac735be0 message="request completed"
2026-09-17T08:51:37+00:00 WARN service=orders trace_id=8135f15a9343e6ea message="rate limit approaching"
2026-09-17T08:51:56+00:00 INFO service=catalog trace_id=c94f6ed34a2f3876 message="user authenticated"
2026-09-17T08:52:15+00:00 WARN service=catalog trace_id=1521ad35560f1e2d message="slow downstream response"
2026-09-17T08:52:34+00:00 ERROR service=gateway trace_id=8c53b74c0c9fa6e6 message="unexpected application exception"
2026-09-17T08:52:53+00:00 WARN service=auth trace_id=80777ac56605de3c message="slow downstream response"
2026-09-17T08:53:12+00:00 WARN service=catalog trace_id=8f2e08d37b1dbca3 message="slow downstream response"
2026-09-17T08:53:31+00:00 INFO service=orders trace_id=9242ba54a6f9c0e1 message="user authenticated"
2026-09-17T08:53:50+00:00 INFO service=gateway trace_id=1257429e3e085cb7 message="cache refreshed"
2026-09-17T08:54:09+00:00 INFO service=orders trace_id=ec94503eaf4afcdd message="order accepted"
2026-09-17T08:54:28+00:00 INFO service=checkout trace_id=5d822e3a6c6d282b message="user authenticated"
2026-09-17T08:54:47+00:00 INFO service=catalog trace_id=9808552c5832c8de message="order accepted"
2026-09-17T08:55:06+00:00 INFO service=auth trace_id=5987038afcd6c18e message="cache refreshed"
2026-09-17T08:55:25+00:00 WARN service=gateway trace_id=0b7d185670c23600 message="slow downstream response"
2026-09-17T08:55:44+00:00 INFO service=catalog trace_id=c1fad75327ef0a4b message="order accepted"
2026-09-17T08:56:03+00:00 INFO service=checkout trace_id=f2edcab03e3869e2 message="request completed"
2026-09-17T08:56:22+00:00 INFO service=auth trace_id=b19c905e57e0a1f1 message="request completed"
2026-09-17T08:56:41+00:00 INFO service=auth trace_id=05d2d205789fed96 message="user authenticated"
2026-09-17T08:57:00+00:00 INFO service=catalog trace_id=8be27516342c5348 message="cache refreshed"
2026-09-17T08:57:19+00:00 ERROR service=auth trace_id=9f7fae0c7ba79d05 message="unexpected application exception"
2026-09-17T08:57:38+00:00 INFO service=checkout trace_id=e7f2418a953fcfd4 message="user authenticated"
2026-09-17T08:57:57+00:00 ERROR service=checkout trace_id=0f635f4a2b9a118e message="payment provider unavailable"
2026-09-17T08:58:16+00:00 INFO service=catalog trace_id=7707ac0e0d96feb3 message="order accepted"
2026-09-17T08:58:35+00:00 INFO service=checkout trace_id=457498caa90e319d message="user authenticated"
2026-09-17T08:58:54+00:00 INFO service=checkout trace_id=de0e9c534ae0fd7a message="request completed"
2026-09-17T08:59:13+00:00 WARN service=catalog trace_id=fa033d6c822fb2f0 message="retry scheduled"
2026-09-17T08:59:32+00:00 INFO service=auth trace_id=98dbf732dde4d194 message="user authenticated"
2026-09-17T08:59:51+00:00 INFO service=catalog trace_id=f77fa3a7802aa6eb message="cache refreshed"
2026-09-17T09:00:10+00:00 WARN service=gateway trace_id=0a2d36a605804493 message="rate limit approaching"
2026-09-17T09:00:29+00:00 INFO service=gateway trace_id=7d6c3d2a5564d1d3 message="order accepted"
2026-09-17T09:00:48+00:00 WARN service=catalog trace_id=af2f077358c69158 message="slow downstream response"
2026-09-17T09:01:07+00:00 INFO service=auth trace_id=fef97d573c77ea4a message="order accepted"
2026-09-17T09:01:26+00:00 ERROR service=auth trace_id=41f74651a033edad message="database timeout"
2026-09-17T09:01:45+00:00 WARN service=checkout trace_id=47bac8aaf2f94b2c message="rate limit approaching"
2026-09-17T09:02:04+00:00 INFO service=catalog trace_id=6491982be5ad481d message="order accepted"
2026-09-17T09:02:23+00:00 INFO service=checkout trace_id=f5ea4128854dc3bf message="user authenticated"
2026-09-17T09:02:42+00:00 INFO service=orders trace_id=271a919f92a97acd message="cache refreshed"
2026-09-17T09:03:01+00:00 WARN service=auth trace_id=72fcc072544c0132 message="rate limit approaching"
2026-09-17T09:03:20+00:00 INFO service=catalog trace_id=8a962a1194be6d9f message="cache refreshed"
2026-09-17T09:03:39+00:00 INFO service=catalog trace_id=b483d162b043a39a message="order accepted"
2026-09-17T09:03:58+00:00 ERROR service=catalog trace_id=e8b45c6afee543b3 message="payment provider unavailable"
2026-09-17T09:04:17+00:00 INFO service=gateway trace_id=115c42cd51476e86 message="cache refreshed"
2026-09-17T09:04:36+00:00 INFO service=catalog trace_id=e12ff6cdd6eaf269 message="order accepted"
2026-09-17T09:04:55+00:00 INFO service=checkout trace_id=f90fb6e4e15052f3 message="order accepted"
2026-09-17T09:05:14+00:00 WARN service=orders trace_id=bee047627168bdec message="retry scheduled"
2026-09-17T09:05:33+00:00 INFO service=catalog trace_id=21acfdb51b555f6d message="cache refreshed"
2026-09-17T09:05:52+00:00 INFO service=checkout trace_id=9129bc759b08e5a8 message="order accepted"
2026-09-17T09:06:11+00:00 INFO service=gateway trace_id=aff7ff5d3b1d12cf message="cache refreshed"
2026-09-17T09:06:30+00:00 INFO service=auth trace_id=c7a2b171b02a06ee message="request completed"
2026-09-17T09:06:49+00:00 ERROR service=catalog trace_id=9ace63ccd89c83f6 message="unexpected application exception"
2026-09-17T09:07:08+00:00 ERROR service=auth trace_id=633098edda252795 message="database timeout"
2026-09-17T09:07:27+00:00 ERROR service=orders trace_id=317979f929ede760 message="database timeout"
2026-09-17T09:07:46+00:00 INFO service=checkout trace_id=f80443eec3b8d179 message="user authenticated"
2026-09-17T09:08:05+00:00 INFO service=auth trace_id=be0bbddd38f95001 message="user authenticated"
2026-09-17T09:08:24+00:00 INFO service=catalog trace_id=ed56a2a02d54ff2b message="request completed"
2026-09-17T09:08:43+00:00 WARN service=gateway trace_id=532c5c01b017c533 message="retry scheduled"
2026-09-17T09:09:02+00:00 WARN service=catalog trace_id=c6b6020a67a55936 message="retry scheduled"
2026-09-17T09:09:21+00:00 INFO service=gateway trace_id=501a0ccfb85f164b message="user authenticated"
