JOB=03_build_iceberg_gold.py
EXIT_CODE=0

WARNING: Using incubator modules: jdk.incubator.vector
26/09/23 16:08:52 WARN NativeCodeLoader: Unable to load native-hadoop library for your platform... using builtin-java classes where applicable
26/09/23 16:08:53 WARN MetricsConfig: Cannot locate configuration: tried hadoop-metrics2-s3a-file-system.properties,hadoop-metrics2.properties
SLF4J: Failed to load class "org.slf4j.impl.StaticLoggerBinder".
SLF4J: Defaulting to no-operation (NOP) logger implementation
SLF4J: See http://www.slf4j.org/codes.html#StaticLoggerBinder for further details.
26/09/23 16:08:54 WARN S3ABlockOutputStream: Application invoked the Syncable API against stream writing to spark-events/eventlog_v2_app-20260923160853-0003/events_1_app-20260923160853-0003.zstd. This is Unsupported
System.Management.Automation.RemoteException
[Stage 0:>                                                          (0 + 1) / 1]
System.Management.Automation.RemoteException
                                                                                
System.Management.Automation.RemoteException
[Stage 1:>                                                          (0 + 2) / 6]
System.Management.Automation.RemoteException
[Stage 1:=========>                                                 (1 + 2) / 6]
System.Management.Automation.RemoteException
[Stage 1:===================>                                       (2 + 2) / 6]
System.Management.Automation.RemoteException
[Stage 1:=============================>                             (3 + 2) / 6]
System.Management.Automation.RemoteException
[Stage 1:=======================================>                   (4 + 2) / 6]
System.Management.Automation.RemoteException
[Stage 6:>                                                          (0 + 1) / 1]
System.Management.Automation.RemoteException
                                                                                
System.Management.Automation.RemoteException
[Stage 7:===================>                                       (2 + 2) / 6]
System.Management.Automation.RemoteException
[Stage 7:=============================>                             (3 + 2) / 6]
System.Management.Automation.RemoteException
[Stage 7:=======================================>                   (4 + 2) / 6]
System.Management.Automation.RemoteException
[Stage 9:>                                                          (0 + 1) / 1]
System.Management.Automation.RemoteException
[OK] Iceberg tables iceberg.gold.sales_summary and sales_detail created.
                                                                                
