JOB=02_kafka_to_delta.py
EXIT_CODE=0

WARNING: Using incubator modules: jdk.incubator.vector
26/09/22 08:13:21 WARN NativeCodeLoader: Unable to load native-hadoop library for your platform... using builtin-java classes where applicable
26/09/22 08:13:21 WARN MetricsConfig: Cannot locate configuration: tried hadoop-metrics2-s3a-file-system.properties,hadoop-metrics2.properties
SLF4J: Failed to load class "org.slf4j.impl.StaticLoggerBinder".
SLF4J: Defaulting to no-operation (NOP) logger implementation
SLF4J: See http://www.slf4j.org/codes.html#StaticLoggerBinder for further details.
26/09/22 08:13:22 WARN S3ABlockOutputStream: Application invoked the Syncable API against stream writing to spark-events/eventlog_v2_app-20260922081321-0002/events_1_app-20260922081321-0002.zstd. This is Unsupported
26/09/22 08:13:25 WARN ResolveWriteToStream: spark.sql.adaptive.enabled is not supported in streaming DataFrames/Datasets and will be disabled.
System.Management.Automation.RemoteException
[Stage 0:>                                                          (0 + 2) / 3]
System.Management.Automation.RemoteException
[Stage 0:>                                                          (0 + 3) / 3]
System.Management.Automation.RemoteException
[Stage 0:=======================================>                   (2 + 1) / 3]
System.Management.Automation.RemoteException
[Stage 1:>                                                          (0 + 2) / 4]
System.Management.Automation.RemoteException
[Stage 1:=============================>                             (2 + 2) / 4]
System.Management.Automation.RemoteException
[Stage 1:============================================>              (3 + 1) / 4]
System.Management.Automation.RemoteException
                                                                                
26/09/22 08:13:39 WARN SparkStringUtils: Truncated the string representation of a plan since it was too large. This behavior can be adjusted by setting 'spark.sql.debug.maxToStringFields'.
System.Management.Automation.RemoteException
[Stage 3:======>                                                   (6 + 1) / 50]
System.Management.Automation.RemoteException
[Stage 3:============>                                            (11 + 1) / 50]
System.Management.Automation.RemoteException
[Stage 3:==================>                                      (16 + 1) / 50]
System.Management.Automation.RemoteException
[Stage 3:=========================>                               (22 + 1) / 50]
System.Management.Automation.RemoteException
[Stage 3:=================================>                       (29 + 1) / 50]
System.Management.Automation.RemoteException
[Stage 3:=======================================>                 (35 + 1) / 50]
System.Management.Automation.RemoteException
[Stage 3:=================================================>       (43 + 1) / 50]
System.Management.Automation.RemoteException
[OK] Kafka sales.raw -> Delta Lake completed (availableNow).
                                                                                
