JOB=00_runtime_smoke.py
EXIT_CODE=0

WARNING: Using incubator modules: jdk.incubator.vector
26/09/22 08:11:31 WARN NativeCodeLoader: Unable to load native-hadoop library for your platform... using builtin-java classes where applicable
26/09/22 08:11:31 WARN MetricsConfig: Cannot locate configuration: tried hadoop-metrics2-s3a-file-system.properties,hadoop-metrics2.properties
SLF4J: Failed to load class "org.slf4j.impl.StaticLoggerBinder".
SLF4J: Defaulting to no-operation (NOP) logger implementation
SLF4J: See http://www.slf4j.org/codes.html#StaticLoggerBinder for further details.
26/09/22 08:11:32 WARN S3ABlockOutputStream: Application invoked the Syncable API against stream writing to spark-events/eventlog_v2_app-20260922081131-0000/events_1_app-20260922081131-0000.zstd. This is Unsupported
SPARK_IMPORTED_CONFIG_OK
PYTHON_DRIVER_VERSION=3.10
PYTHON_DRIVER_EXECUTABLE=/usr/bin/python3
System.Management.Automation.RemoteException
[Stage 0:>                                                          (0 + 2) / 4]
System.Management.Automation.RemoteException
PYTHON_WORKER_VERSIONS=3.10
PYTHON_WORKER_EXECUTABLES=/usr/bin/python3
PYTHON_WORKER_HOSTS=spark-worker-1,spark-worker-2
PYTHON_RUNTIME_PARITY_OK
                                                                                
System.Management.Automation.RemoteException
[Stage 1:>                                                          (0 + 2) / 4]
System.Management.Automation.RemoteException
[Stage 1:=============================>                             (2 + 2) / 4]
System.Management.Automation.RemoteException
                                                                                
System.Management.Automation.RemoteException
[Stage 6:>                                                          (0 + 2) / 4]
System.Management.Automation.RemoteException
[Stage 6:=============================>                             (2 + 2) / 4]
System.Management.Automation.RemoteException
                                                                                
26/09/22 08:11:42 WARN SparkStringUtils: Truncated the string representation of a plan since it was too large. This behavior can be adjusted by setting 'spark.sql.debug.maxToStringFields'.
System.Management.Automation.RemoteException
[Stage 9:==>                                                       (2 + 2) / 50]
System.Management.Automation.RemoteException
[Stage 9:======>                                                   (6 + 2) / 50]
System.Management.Automation.RemoteException
[Stage 9:===============>                                         (14 + 2) / 50]
System.Management.Automation.RemoteException
[Stage 9:===========================>                             (24 + 2) / 50]
System.Management.Automation.RemoteException
[Stage 9:=======================================>                 (35 + 2) / 50]
System.Management.Automation.RemoteException
[Stage 9:===================================================>     (45 + 2) / 50]
System.Management.Automation.RemoteException
                                                                                
System.Management.Automation.RemoteException
[Stage 13:==============>                                           (1 + 2) / 4]
System.Management.Automation.RemoteException
SMOKE_PARQUET_COUNT=3
SMOKE_DELTA_COUNT=3
SMOKE_ICEBERG_COUNT=3
SMOKE_RUNTIME_OK
                                                                                
